name: github-action
run-name: ${{ github.actor }} is out building GitHub Actions

on:
  push:
    # Pattern matched against refs/tags
    tags:        
      - '**' 

jobs:
  docker:
    runs-on: ubuntu-latest
    steps:
      - name: Checkout
        uses: actions/checkout@v3

      - name: Set up QEMU
        uses: docker/setup-qemu-action@v2
      
      - name: Set up Docker Buildx
        uses: docker/setup-buildx-action@v2
      
      - name: Login to GitHub Container Registry
        uses: docker/login-action@v2
        with:
          registry: ghcr.io
          username: ${{ github.repository_owner }}
          password: ${{ secrets.GITHUB_TOKEN }}
      
      - name: Build Maven Projects
        run: |
          mvn clean package -f ./주문/pom.xml
          mvn clean package -f ./배송/pom.xml
          mvn clean package -f ./상품/pom.xml

      - name: Docker Build and push for 주문
        uses: docker/build-push-action@v4
        with:
          context: ./주문
          platforms: linux/amd64,linux/arm64
          push: true
          tags: |
            ghcr.io/${{ github.repository }}/주문:latest
            ghcr.io/${{ github.repository }}/주문:${{ github.ref_name }}
            
      - name: Docker Build and push for 배송
        uses: docker/build-push-action@v4
        with:
          context: ./배송
          platforms: linux/amd64,linux/arm64
          push: true
          tags: |
            ghcr.io/${{ github.repository }}/배송:latest
            ghcr.io/${{ github.repository }}/배송:${{ github.ref_name }}
            
      - name: Docker Build and push for 상품
        uses: docker/build-push-action@v4
        with:
          context: ./상품
          platforms: linux/amd64,linux/arm64
          push: true
          tags: |
            ghcr.io/${{ github.repository }}/상품:latest
            ghcr.io/${{ github.repository }}/상품:${{ github.ref_name }}
            
